// Jest Snapshot v1, https://goo.gl/fbAQLP

exports[`components/ErrorBoundary .render should return error 1`] = `
<div>
  <h2>
    Something went wrong.
  </h2>
  <details
    style={
      Object {
        "whiteSpace": "pre-wrap",
      }
    }
  >
    <br />
  </details>
</div>
`;
